###############################################################################
#
# IAR ELF Linker V8.40.1.212/W32 for ARM                  17/Jul/2019  11:05:17
# Copyright 2007-2019 IAR Systems AB.
#
#    Output file  =  D:\Embedded_Programming\Mark 2\Debug\Exe\c.out
#    Map file     =  D:\Embedded_Programming\Mark 2\Debug\List\c.map
#    Command line =
#        -f C:\Users\YASINK~1\AppData\Local\Temp\EWB832.tmp
#        ("D:\Embedded_Programming\Mark 2\Debug\Obj\bsp.o"
#        "D:\Embedded_Programming\Mark 2\Debug\Obj\main.o"
#        "D:\Embedded_Programming\Mark 2\Debug\Obj\startup_tm4c.o"
#        --no_out_extension -o "D:\Embedded_Programming\Mark 2\Debug\Exe\c.out"
#        --redirect _Printf=_PrintfFullNoMb --redirect _Scanf=_ScanfFullNoMb
#        --map "D:\Embedded_Programming\Mark 2\Debug\List\c.map" --config
#        "D:\Embedded_Programming\Mark 2\project.icf" --entry
#        __iar_program_start "D:\Program Files (x86)\IAR Systems\Embedded
#        Workbench 8.3\arm\CMSIS\Lib\IAR\iar_cortexM4lf_math.a" --vfe
#        --text_out locale)
#
###############################################################################

*******************************************************************************
*** RUNTIME MODEL ATTRIBUTES
***

CppFlavor       = *
__SystemLibrary = DLib
__dlib_version  = 6


*******************************************************************************
*** HEAP SELECTION
***

The basic heap was selected because some modules are built with
size limitations (and not runtime checking), and --advanced_heap
was not specified.


*******************************************************************************
*** PLACEMENT SUMMARY
***

"A0":  place at address 0x0 { ro section .intvec };
"P1":  place in [from 0x0 to 0x3'ffff] { ro };
define block CSTACK with size = 1K, alignment = 8 { };
define block HEAP with size = 0, alignment = 8 { };
"P2":  place in [from 0x2000'0000 to 0x2000'7fff] {
          rw, block CSTACK, block HEAP };

  Section          Kind         Address   Size  Object
  -------          ----         -------   ----  ------
"A0":                                     0x90
  .intvec          const            0x0   0x90  startup_tm4c.o [1]
                                 - 0x90   0x90

"P1":                                    0x8f4
  .text            ro code         0x90  0x54a  main.o [1]
  .text            ro code        0x5da   0x3a  zero_init3.o [4]
  .rodata          const          0x614   0x3c  main.o [1]
  .rodata          const          0x650   0x3c  main.o [1]
  .rodata          const          0x68c   0x3c  main.o [1]
  .rodata          const          0x6c8   0x38  main.o [1]
  .rodata          const          0x700   0x2c  main.o [1]
  .rodata          const          0x72c   0x2c  main.o [1]
  .rodata          const          0x758   0x28  main.o [1]
  .rodata          const          0x780   0x28  main.o [1]
  .rodata          const          0x7a8   0x28  main.o [1]
  .rodata          const          0x7d0   0x28  main.o [1]
  .rodata          const          0x7f8   0x28  main.o [1]
  .rodata          const          0x820   0x28  main.o [1]
  .text            ro code        0x848   0x28  data_init.o [4]
  .rodata          const          0x870   0x24  main.o [1]
  .rodata          const          0x894   0x24  main.o [1]
  .text            ro code        0x8b8   0x22  fpinit_M.o [3]
  .iar.init_table  const          0x8dc   0x10  - Linker created -
  .text            ro code        0x8ec    0x2  startup_tm4c.o [1]
  .rodata          const          0x8f0   0x20  main.o [1]
  .text            ro code        0x910   0x1e  cmain.o [4]
  .text            ro code        0x92e    0x4  low_level_init.o [2]
  .text            ro code        0x932    0x4  exit.o [2]
  .text            ro code        0x936    0x2  startup_tm4c.o [1]
  .text            ro code        0x938    0xa  cexit.o [4]
  .text            ro code        0x942    0x2  startup_tm4c.o [1]
  .text            ro code        0x944    0xc  XXexit.o [4]
  .rodata          const          0x950   0x14  main.o [1]
  .text            ro code        0x964   0x12  startup_tm4c.o [1]
  .text            ro code        0x976    0x2  startup_tm4c.o [1]
  .text            ro code        0x978    0x2  startup_tm4c.o [1]
  .text            ro code        0x97a    0x2  startup_tm4c.o [1]
  .text            ro code        0x97c    0x2  startup_tm4c.o [1]
  .text            ro code        0x97e    0x2  startup_tm4c.o [1]
  .text            ro code        0x980    0x2  startup_tm4c.o [1]
  .text            ro code        0x982    0x2  startup_tm4c.o [1]
  .rodata          const          0x984    0x0  zero_init3.o [4]
                                - 0x984  0x8f4

"P2", part 1 of 2:                        0x18
  .bss             zero     0x2000'0000    0x4  main.o [1]
  .bss             zero     0x2000'0004    0x4  main.o [1]
  .bss             zero     0x2000'0008    0x4  main.o [1]
  .bss             zero     0x2000'000c    0x4  main.o [1]
  .bss             zero     0x2000'0010    0x4  main.o [1]
  .bss             zero     0x2000'0014    0x4  main.o [1]
                          - 0x2000'0018   0x18

"P2", part 2 of 2:                       0x400
  CSTACK                    0x2000'0018  0x400  <Block>
    CSTACK         uninit   0x2000'0018  0x400  <Block tail>
                          - 0x2000'0418  0x400

Unused ranges:

         From           To      Size
         ----           --      ----
        0x984     0x3'ffff  0x3'f67c
  0x2000'0418  0x2000'7fff    0x7be8


*******************************************************************************
*** INIT TABLE
***

          Address      Size
          -------      ----
Zero (__iar_zero_init3)
    1 destination range, total size 0x18:
          0x2000'0000  0x18



*******************************************************************************
*** MODULE SUMMARY
***

    Module            ro code  ro data  rw data
    ------            -------  -------  -------
command line/config:
    -------------------------------------------
    Total:

D:\Embedded_Programming\Mark 2\Debug\Obj: [1]
    main.o              1'354      688       24
    startup_tm4c.o         38      144
    -------------------------------------------
    Total:              1'392      832       24

dl7M_tln.a: [2]
    exit.o                  4
    low_level_init.o        4
    -------------------------------------------
    Total:                  8

m7M_tls.a: [3]
    fpinit_M.o             34
    -------------------------------------------
    Total:                 34

rt7M_tl.a: [4]
    XXexit.o               12
    cexit.o                10
    cmain.o                30
    data_init.o            40
    zero_init3.o           58
    -------------------------------------------
    Total:                150

    Gaps                             4
    Linker created                  16    1'024
-----------------------------------------------
    Grand Total:        1'584      852    1'048


*******************************************************************************
*** ENTRY LIST
***

Entry                       Address  Size  Type      Object
-----                       -------  ----  ----      ------
.iar.init_table$$Base         0x8dc         --   Gb  - Linker created -
.iar.init_table$$Limit        0x8ec         --   Gb  - Linker created -
?main                         0x911        Code  Gb  cmain.o [4]
CSTACK$$Base            0x2000'0018         --   Gb  - Linker created -
CSTACK$$Limit           0x2000'0418         --   Gb  - Linker created -
FlashSOS                      0x30d  0x24  Code  Gb  main.o [1]
LED_1_delay             0x2000'000c   0x4  Data  Gb  main.o [1]
LED_2_delay             0x2000'0010   0x4  Data  Gb  main.o [1]
LED_3_delay             0x2000'0014   0x4  Data  Gb  main.o [1]
LED_OFF                       0x3c5   0xc  Code  Gb  main.o [1]
PortF_Init                    0x2c1  0x4c  Code  Gb  main.o [1]
Region$$Table$$Base           0x8dc         --   Gb  - Linker created -
Region$$Table$$Limit          0x8ec         --   Gb  - Linker created -
SW1                     0x2000'0000   0x4  Data  Gb  main.o [1]
SW2                     0x2000'0004   0x4  Data  Gb  main.o [1]
UART_Init                     0x495  0x4a  Code  Gb  main.o [1]
__cmain                       0x911        Code  Gb  cmain.o [4]
__exit                        0x945        Code  Gb  XXexit.o [4]
__iar_data_init3              0x849  0x28  Code  Gb  data_init.o [4]
__iar_init_vfp                0x8b9        Code  Gb  fpinit_M.o [3]
__iar_program_start           0x965  0x12  Code  Gb  startup_tm4c.o [1]
__iar_zero_init3              0x5db  0x3a  Code  Gb  zero_init3.o [4]
__low_level_init              0x92f   0x4  Code  Gb  low_level_init.o [2]
__vector_table                  0x0  0x90  Data  Gb  startup_tm4c.o [1]
_arayuzbaslangic              0x3d1  0x38  Code  Gb  main.o [1]
_call_main                    0x91d        Code  Gb  cmain.o [4]
_exit                         0x939        Code  Gb  cexit.o [4]
_harakete_gecirme_1           0x335  0x30  Code  Gb  main.o [1]
_harakete_gecirme_2           0x365  0x30  Code  Gb  main.o [1]
_harakete_gecirme_3           0x395  0x30  Code  Gb  main.o [1]
_main                         0x92b        Code  Gb  cmain.o [4]
_periyod_sorgulama            0x409  0x8c  Code  Gb  main.o [1]
_yanmasuresi_sorgulama_1
                              0x105  0x94  Code  Gb  main.o [1]
_yanmasuresi_sorgulama_2
                              0x199  0x94  Code  Gb  main.o [1]
_yanmasuresi_sorgulama_3
                              0x22d  0x94  Code  Gb  main.o [1]
delay                         0x4df  0x16  Code  Gb  main.o [1]
exit                          0x933   0x4  Code  Gb  exit.o [2]
main                           0x91  0x74  Code  Gb  main.o [1]
periyod_sayi            0x2000'0008   0x4  Data  Gb  main.o [1]
printChar                     0x505  0x12  Code  Gb  main.o [1]
printString                   0x5c5  0x16  Code  Gb  main.o [1]
readChar                      0x4f5  0x10  Code  Gb  main.o [1]


[1] = D:\Embedded_Programming\Mark 2\Debug\Obj
[2] = dl7M_tln.a
[3] = m7M_tls.a
[4] = rt7M_tl.a

  1'584 bytes of readonly  code memory
    852 bytes of readonly  data memory
  1'048 bytes of readwrite data memory

Errors: none
Warnings: none
